I0430 12:30:50.375599  2249 cuckoo_watch.h:45] 50ms in ProcessBatch(school_batches/aaaaaa.batch) [including 2ms in LoadMessage; 0ms in FindReuseThetaCacheEntry; 0ms in InitializeTheta; 0ms in CreateRegularizerAgents; 1ms in InitializeSparseNdw; 16ms in InferThetaAndUpdateNwtSparse; 0ms in UpdateCacheEntry; 17ms in CalculateScore(PerplexityScore); 1ms in CalculateScore(SparsityThetaScore); 10ms in CalculateScore(^^^ItemsProcessedScore^^^); ]
I0430 12:30:50.376561  2250 processor.cc:158] Processor: start processing batch c7fd68c7-dd6e-44fb-9bc5-04681eba1880 into model nwt
I0430 12:30:50.378401  2253 processor.cc:292] Processor: complete processing batch 879b6c2f-88ed-4ac7-ae65-c703a7115fc4 into model nwt
I0430 12:30:50.379221  2253 cuckoo_watch.h:45] 51ms in ProcessBatch(school_batches/aaaaac.batch) [including 2ms in LoadMessage; 0ms in FindReuseThetaCacheEntry; 0ms in InitializeTheta; 0ms in CreateRegularizerAgents; 1ms in InitializeSparseNdw; 15ms in InferThetaAndUpdateNwtSparse; 0ms in UpdateCacheEntry; 19ms in CalculateScore(PerplexityScore); 1ms in CalculateScore(SparsityThetaScore); 10ms in CalculateScore(^^^ItemsProcessedScore^^^); ]
I0430 12:30:50.384378  2251 processor.cc:292] Processor: complete processing batch 99e78d6c-846e-47e0-897c-2b92da229b67 into model nwt
I0430 12:30:50.385149  2251 cuckoo_watch.h:45] 47ms in ProcessBatch(school_batches/aaaaad.batch) [including 2ms in LoadMessage; 0ms in FindReuseThetaCacheEntry; 0ms in InitializeTheta; 0ms in CreateRegularizerAgents; 1ms in InitializeSparseNdw; 14ms in InferThetaAndUpdateNwtSparse; 0ms in UpdateCacheEntry; 16ms in CalculateScore(PerplexityScore); 1ms in CalculateScore(SparsityThetaScore); 10ms in CalculateScore(^^^ItemsProcessedScore^^^); ]
I0430 12:30:50.396128  2249 processor.cc:74] No data in processing queue, waiting...
I0430 12:30:50.399721  2253 processor.cc:74] No data in processing queue, waiting...
I0430 12:30:50.405864  2251 processor.cc:74] No data in processing queue, waiting...
I0430 12:30:50.421597  2250 processor.cc:292] Processor: complete processing batch c7fd68c7-dd6e-44fb-9bc5-04681eba1880 into model nwt
I0430 12:30:50.422328  2250 cuckoo_watch.h:45] 48ms in ProcessBatch(school_batches/aaaaab.batch) [including 2ms in LoadMessage; 0ms in FindReuseThetaCacheEntry; 0ms in InitializeTheta; 0ms in CreateRegularizerAgents; 1ms in InitializeSparseNdw; 14ms in InferThetaAndUpdateNwtSparse; 0ms in UpdateCacheEntry; 18ms in CalculateScore(PerplexityScore); 1ms in CalculateScore(SparsityThetaScore); 9ms in CalculateScore(^^^ItemsProcessedScore^^^); ]
I0430 12:30:50.422492  2194 master_component.cc:1442] RegularizeModelArgs: rwt_target_name=rwt, pwt_source_name=pwt, nwt_source_name=nwt
I0430 12:30:50.422500  2194 master_component.cc:975] MasterComponent: start regularizing model pwt
I0430 12:30:50.442852  2250 processor.cc:74] No data in processing queue, waiting...
I0430 12:30:50.467036  2194 master_component.cc:1001] MasterComponent: complete regularizing model pwt
I0430 12:30:50.467057  2194 master_component.cc:1455] NormalizeModelArgs: pwt_target_name=pwt, nwt_source_name=nwt, rwt_source_name=rwt
I0430 12:30:50.467061  2194 master_component.cc:1005] MasterComponent: start normalizing model nwt
I0430 12:30:50.497392  2194 master_component.cc:1033] MasterComponent: complete normalizing model nwt
I0430 12:30:50.515880  2194 master_component.cc:1479] DisposeModel rwt
I0430 12:30:50.520649  2194 master_component.cc:1058] FitOffline: ItemsProcessed, num_items=476, num_batches=5, token_weight=160411, token_weight_in_effect=160411
I0430 12:30:50.520800  2194 c_interface.cc:389] Pass FitOfflineMasterModelArgs, batch_filename_size=5, batch_weight_size=5, num_collection_passes=1, reset_nwt=yes to MN4artm4core15MasterComponentEFvRKNS_25FitOfflineMasterModelArgsEE
I0430 12:30:50.520819  2194 master_component.cc:1404] ProcessBatchesArgs: nwt_target_name=nwt, batch_filename_size=5, batch_size=0, batch_weight_size=5, pwt_source_name=pwt, num_document_passes=1, regularizer=(name:SparsePhi, tau:-100), reuse_theta=yes, opt_for_avx=yes, predict_class_id=, reset_nwt=yes
I0430 12:30:50.526320  2250 processor.cc:81] Processing queue has data, processing started
I0430 12:30:50.526908  2249 processor.cc:81] Processing queue has data, processing started
I0430 12:30:50.528003  2251 processor.cc:81] Processing queue has data, processing started
I0430 12:30:50.528872  2250 processor.cc:158] Processor: start processing batch a04ccad2-8065-4aa8-89a3-e392c59bb0e3 into model nwt
I0430 12:30:50.529728  2249 processor.cc:158] Processor: start processing batch ecbb983e-d110-47a1-b8a0-f425effbf554 into model nwt
I0430 12:30:50.531117  2251 processor.cc:158] Processor: start processing batch 879b6c2f-88ed-4ac7-ae65-c703a7115fc4 into model nwt
I0430 12:30:50.537554  2253 processor.cc:81] Processing queue has data, processing started
I0430 12:30:50.540477  2253 processor.cc:158] Processor: start processing batch 99e78d6c-846e-47e0-897c-2b92da229b67 into model nwt
I0430 12:30:50.569809  2250 processor.cc:292] Processor: complete processing batch a04ccad2-8065-4aa8-89a3-e392c59bb0e3 into model nwt
I0430 12:30:50.570559  2250 cuckoo_watch.h:45] 44ms in ProcessBatch(school_batches/aaaaae.batch) [including 2ms in LoadMessage; 0ms in FindReuseThetaCacheEntry; 0ms in InitializeTheta; 0ms in CreateRegularizerAgents; 0ms in InitializeSparseNdw; 13ms in InferThetaAndUpdateNwtSparse; 0ms in UpdateCacheEntry; 16ms in CalculateScore(PerplexityScore); 1ms in CalculateScore(SparsityThetaScore); 8ms in CalculateScore(^^^ItemsProcessedScore^^^); ]
I0430 12:30:50.573400  2250 processor.cc:158] Processor: start processing batch c7fd68c7-dd6e-44fb-9bc5-04681eba1880 into model nwt
I0430 12:30:50.580310  2251 processor.cc:292] Processor: complete processing batch 879b6c2f-88ed-4ac7-ae65-c703a7115fc4 into model nwt
I0430 12:30:50.581171  2251 cuckoo_watch.h:45] 53ms in ProcessBatch(school_batches/aaaaac.batch) [including 3ms in LoadMessage; 0ms in FindReuseThetaCacheEntry; 0ms in InitializeTheta; 0ms in CreateRegularizerAgents; 1ms in InitializeSparseNdw; 14ms in InferThetaAndUpdateNwtSparse; 0ms in UpdateCacheEntry; 19ms in CalculateScore(PerplexityScore); 2ms in CalculateScore(SparsityThetaScore); 11ms in CalculateScore(^^^ItemsProcessedScore^^^); ]
I0430 12:30:50.584285  2253 processor.cc:292] Processor: complete processing batch 99e78d6c-846e-47e0-897c-2b92da229b67 into model nwt
I0430 12:30:50.585172  2253 cuckoo_watch.h:45] 47ms in ProcessBatch(school_batches/aaaaad.batch) [including 2ms in LoadMessage; 0ms in FindReuseThetaCacheEntry; 0ms in InitializeTheta; 0ms in CreateRegularizerAgents; 1ms in InitializeSparseNdw; 14ms in InferThetaAndUpdateNwtSparse; 0ms in UpdateCacheEntry; 16ms in CalculateScore(PerplexityScore); 1ms in CalculateScore(SparsityThetaScore); 10ms in CalculateScore(^^^ItemsProcessedScore^^^); ]
I0430 12:30:50.586056  2249 processor.cc:292] Processor: complete processing batch ecbb983e-d110-47a1-b8a0-f425effbf554 into model nwt
I0430 12:30:50.586889  2249 cuckoo_watch.h:45] 59ms in ProcessBatch(school_batches/aaaaaa.batch) [including 2ms in LoadMessage; 0ms in FindReuseThetaCacheEntry; 0ms in InitializeTheta; 0ms in CreateRegularizerAgents; 1ms in InitializeSparseNdw; 24ms in InferThetaAndUpdateNwtSparse; 0ms in UpdateCacheEntry; 17ms in CalculateScore(PerplexityScore); 1ms in CalculateScore(SparsityThetaScore); 10ms in CalculateScore(^^^ItemsProcessedScore^^^); ]
I0430 12:30:50.601785  2251 processor.cc:74] No data in processing queue, waiting...
I0430 12:30:50.606649  2253 processor.cc:74] No data in processing queue, waiting...
I0430 12:30:50.607271  2249 processor.cc:74] No data in processing queue, waiting...
I0430 12:30:50.620488  2250 processor.cc:292] Processor: complete processing batch c7fd68c7-dd6e-44fb-9bc5-04681eba1880 into model nwt
I0430 12:30:50.621258  2194 master_component.cc:1442] RegularizeModelArgs: rwt_target_name=rwt, pwt_source_name=pwt, nwt_source_name=nwt
I0430 12:30:50.621268  2194 master_component.cc:975] MasterComponent: start regularizing model pwt
I0430 12:30:50.621273  2250 cuckoo_watch.h:45] 50ms in ProcessBatch(school_batches/aaaaab.batch) [including 2ms in LoadMessage; 0ms in FindReuseThetaCacheEntry; 0ms in InitializeTheta; 0ms in CreateRegularizerAgents; 1ms in InitializeSparseNdw; 14ms in InferThetaAndUpdateNwtSparse; 0ms in UpdateCacheEntry; 18ms in CalculateScore(PerplexityScore); 1ms in CalculateScore(SparsityThetaScore); 10ms in CalculateScore(^^^ItemsProcessedScore^^^); ]
I0430 12:30:50.641655  2250 processor.cc:74] No data in processing queue, waiting...
I0430 12:30:50.666260  2194 master_component.cc:1001] MasterComponent: complete regularizing model pwt
I0430 12:30:50.666287  2194 master_component.cc:1455] NormalizeModelArgs: pwt_target_name=pwt, nwt_source_name=nwt, rwt_source_name=rwt
I0430 12:30:50.666290  2194 master_component.cc:1005] MasterComponent: start normalizing model nwt
I0430 12:30:50.696940  2194 master_component.cc:1033] MasterComponent: complete normalizing model nwt
I0430 12:30:50.715363  2194 master_component.cc:1479] DisposeModel rwt
I0430 12:30:50.720187  2194 master_component.cc:1058] FitOffline: ItemsProcessed, num_items=476, num_batches=5, token_weight=160411, token_weight_in_effect=160411
I0430 12:30:53.047477  2194 c_interface.cc:231] ArtmCopyRequestedMessage is copying 203087 bytes...
I0430 12:30:53.068224  2194 c_interface.cc:231] ArtmCopyRequestedMessage is copying 203087 bytes...
I0430 13:15:35.073209  2194 c_interface.cc:271] Pass MasterModelConfig: topic_name_size=0, score_config_size=1, num_processors=0, pwt_name=pwt, nwt_name=nwt, num_document_passes=0, reuse_theta=no, cache_theta=no, opt_for_avx=yes, disk_cache_path= to ArtmCreateMasterModel
I0430 13:15:35.073480  2194 c_interface.cc:274] Creating MasterModel (id=4)...
I0430 13:15:35.074936  2194 collection_parser.cc:771] CollectionParserConfig.num_threads is automatically set to 4
W0430 13:15:35.154373  4008 helpers.cc:221] File already exists: school_batches/aaaaaa.batch
W0430 13:15:35.161813  4010 helpers.cc:221] File already exists: school_batches/aaaaab.batch
W0430 13:15:35.170802  4009 helpers.cc:221] File already exists: school_batches/aaaaac.batch
W0430 13:15:35.180184  4007 helpers.cc:221] File already exists: school_batches/aaaaad.batch
W0430 13:15:35.200345  4008 helpers.cc:221] File already exists: school_batches/aaaaae.batch
I0430 13:15:35.207149  2194 c_interface.cc:375] Pass 79a7d009-9fd4-4fe4-844d-b977095b18b6 to MN4artm4core15MasterComponentEFvRKNSt7__cxx1112basic_stringIcSt11char_traitsIcESaIcEEEE
I0430 13:15:35.207248  2194 c_interface.cc:389] Pass GatherDictionaryArgs: dictionary_target_name=79a7d009-9fd4-4fe4-844d-b977095b18b6, data_path=school_batches, symmetric_cooc_values=0 to MN4artm4core15MasterComponentEFvRKNS_20GatherDictionaryArgsEE
I0430 13:15:35.207299  2194 dictionary_operations.cc:265] Found 5 batches in 'school_batches' folder
I0430 13:15:35.240121  2194 dictionary_operations.cc:331] Find 16099 unique tokens in 476 items
I0430 13:15:35.255234  2194 dictionary_operations.cc:611] Dictionary name='79a7d009-9fd4-4fe4-844d-b977095b18b6' contains entries: text:16099; 
I0430 13:15:36.596474  2194 c_interface.cc:375] Pass 79a7d009-9fd4-4fe4-844d-b977095b18b6 to MN4artm4core15MasterComponentEFvRKNSt7__cxx1112basic_stringIcSt11char_traitsIcESaIcEEEE
I0430 13:15:36.601927  2194 c_interface.cc:339] Disposing MasterComponent (id=4)...
I0430 13:15:39.400240  2194 c_interface.cc:271] Pass MasterModelConfig: topic_name_size=10, score_config_size=1, num_processors=0, pwt_name=pwt, nwt_name=nwt, num_document_passes=1, reuse_theta=yes, cache_theta=yes, opt_for_avx=yes, disk_cache_path= to ArtmCreateMasterModel
I0430 13:15:39.400319  2194 instance.cc:401] MasterModelConfig.processors_count is automatically set to 4
I0430 13:15:39.400449  2194 c_interface.cc:274] Creating MasterModel (id=5)...
I0430 13:15:39.400511  4015 processor.cc:58] Processor thread started
I0430 13:15:39.401257  4012 processor.cc:58] Processor thread started
I0430 13:15:39.401629  2249 processor.cc:66] Processor thread stopped
I0430 13:15:39.401650  2249 processor.cc:67] Total number of processed batches: 71
I0430 13:15:39.402137  4013 processor.cc:58] Processor thread started
I0430 13:15:39.402475  4014 processor.cc:58] Processor thread started
I0430 13:15:39.402680  2250 processor.cc:66] Processor thread stopped
I0430 13:15:39.402696  2250 processor.cc:67] Total number of processed batches: 68
I0430 13:15:39.403944  2251 processor.cc:66] Processor thread stopped
I0430 13:15:39.403959  2251 processor.cc:67] Total number of processed batches: 65
I0430 13:15:39.404505  2253 processor.cc:66] Processor thread stopped
I0430 13:15:39.404521  2253 processor.cc:67] Total number of processed batches: 71
I0430 13:15:39.419673  2194 c_interface.cc:339] Disposing MasterComponent (id=2)...
I0430 13:15:39.420800  4015 processor.cc:74] No data in processing queue, waiting...
I0430 13:15:39.423112  4012 processor.cc:74] No data in processing queue, waiting...
I0430 13:15:39.423610  4014 processor.cc:74] No data in processing queue, waiting...
I0430 13:15:39.424747  4013 processor.cc:74] No data in processing queue, waiting...
I0430 13:15:42.720218  2194 c_interface.cc:271] Pass MasterModelConfig: topic_name_size=0, score_config_size=1, num_processors=0, pwt_name=pwt, nwt_name=nwt, num_document_passes=0, reuse_theta=no, cache_theta=no, opt_for_avx=yes, disk_cache_path= to ArtmCreateMasterModel
I0430 13:15:42.720259  2194 c_interface.cc:274] Creating MasterModel (id=6)...
I0430 13:15:42.720374  2194 c_interface.cc:375] Pass dictionary to MN4artm4core15MasterComponentEFvRKNSt7__cxx1112basic_stringIcSt11char_traitsIcESaIcEEEE
I0430 13:15:42.724545  2194 c_interface.cc:339] Disposing MasterComponent (id=3)...
I0430 13:15:42.724730  2194 c_interface.cc:375] Pass dictionary to MN4artm4core15MasterComponentEFvRKNSt7__cxx1112basic_stringIcSt11char_traitsIcESaIcEEEE
I0430 13:15:42.724942  2194 c_interface.cc:389] Pass GatherDictionaryArgs: dictionary_target_name=dictionary, data_path=school_batches, symmetric_cooc_values=0 to MN4artm4core15MasterComponentEFvRKNS_20GatherDictionaryArgsEE
I0430 13:15:42.725039  2194 dictionary_operations.cc:265] Found 5 batches in 'school_batches' folder
I0430 13:15:42.767349  2194 dictionary_operations.cc:331] Find 16099 unique tokens in 476 items
I0430 13:15:42.787812  2194 dictionary_operations.cc:611] Dictionary name='dictionary' contains entries: text:16099; 
I0430 13:15:43.456455  2194 c_interface.cc:389] Pass MasterModelConfig: topic_name_size=10, score_config_size=2, num_processors=0, pwt_name=pwt, nwt_name=nwt, num_document_passes=1, reuse_theta=yes, cache_theta=yes, opt_for_avx=yes, disk_cache_path= to MN4artm4core15MasterComponentEFvRKNS_17MasterModelConfigEE
I0430 13:15:43.456532  2194 instance.cc:401] MasterModelConfig.processors_count is automatically set to 4
I0430 13:15:43.456557  2194 perplexity.cc:27] Perplexity score calculator created: model_type=1, dictionary_name=dictionary
I0430 13:15:43.457005  2194 c_interface.cc:389] Pass MasterModelConfig: topic_name_size=10, score_config_size=3, num_processors=0, pwt_name=pwt, nwt_name=nwt, num_document_passes=1, reuse_theta=yes, cache_theta=yes, opt_for_avx=yes, disk_cache_path= to MN4artm4core15MasterComponentEFvRKNS_17MasterModelConfigEE
I0430 13:15:43.457027  2194 instance.cc:401] MasterModelConfig.processors_count is automatically set to 4
I0430 13:15:43.457044  2194 perplexity.cc:27] Perplexity score calculator created: model_type=1, dictionary_name=dictionary
I0430 13:15:43.457422  2194 c_interface.cc:389] Pass MasterModelConfig: topic_name_size=10, score_config_size=4, num_processors=0, pwt_name=pwt, nwt_name=nwt, num_document_passes=1, reuse_theta=yes, cache_theta=yes, opt_for_avx=yes, disk_cache_path= to MN4artm4core15MasterComponentEFvRKNS_17MasterModelConfigEE
I0430 13:15:43.457545  2194 instance.cc:401] MasterModelConfig.processors_count is automatically set to 4
I0430 13:15:43.457564  2194 perplexity.cc:27] Perplexity score calculator created: model_type=1, dictionary_name=dictionary
I0430 13:15:43.457984  2194 c_interface.cc:389] Pass MasterModelConfig: topic_name_size=10, score_config_size=5, num_processors=0, pwt_name=pwt, nwt_name=nwt, num_document_passes=1, reuse_theta=yes, cache_theta=yes, opt_for_avx=yes, disk_cache_path= to MN4artm4core15MasterComponentEFvRKNS_17MasterModelConfigEE
I0430 13:15:43.458007  2194 instance.cc:401] MasterModelConfig.processors_count is automatically set to 4
I0430 13:15:43.458027  2194 perplexity.cc:27] Perplexity score calculator created: model_type=1, dictionary_name=dictionary
I0430 13:15:45.030716  2194 c_interface.cc:375] Pass pwt to MN4artm4core15MasterComponentEFvRKNSt7__cxx1112basic_stringIcSt11char_traitsIcESaIcEEEE
I0430 13:15:45.030827  2194 c_interface.cc:375] Pass nwt to MN4artm4core15MasterComponentEFvRKNSt7__cxx1112basic_stringIcSt11char_traitsIcESaIcEEEE
I0430 13:15:45.030923  2194 c_interface.cc:389] Pass InitializeModelArgs: model_name=pwt, dictionary_name=dictionary, topic_name_size=10, seed=-1 to MN4artm4core15MasterComponentEFvRKNS_19InitializeModelArgsEE
I0430 13:15:45.087121  2194 master_component.cc:663] InitializeModel() created matrix pwt with 10 topics and 16099 tokens; 
I0430 13:15:45.087489  2194 c_interface.cc:389] Pass InitializeModelArgs: model_name=nwt, dictionary_name=dictionary, topic_name_size=10, seed=-1 to MN4artm4core15MasterComponentEFvRKNS_19InitializeModelArgsEE
I0430 13:15:45.137217  2194 master_component.cc:663] InitializeModel() created matrix nwt with 10 topics and 16099 tokens; 
I0430 13:15:45.138195  2194 c_interface.cc:231] ArtmCopyRequestedMessage is copying 296 bytes...
I0430 13:15:46.270859  2194 c_interface.cc:389] Pass FitOfflineMasterModelArgs, batch_filename_size=5, batch_weight_size=5, num_collection_passes=1, reset_nwt=yes to MN4artm4core15MasterComponentEFvRKNS_25FitOfflineMasterModelArgsEE
I0430 13:15:46.270934  2194 master_component.cc:1404] ProcessBatchesArgs: nwt_target_name=nwt, batch_filename_size=5, batch_size=0, batch_weight_size=5, pwt_source_name=pwt, num_document_passes=1, reuse_theta=yes, opt_for_avx=yes, predict_class_id=, reset_nwt=yes
I0430 13:15:46.274520  4013 processor.cc:81] Processing queue has data, processing started
I0430 13:15:46.274971  4014 processor.cc:81] Processing queue has data, processing started
I0430 13:15:46.278264  4014 processor.cc:158] Processor: start processing batch f98d553a-6042-4a02-9e8f-b0d1d66e4a9c into model nwt
I0430 13:15:46.280972  4015 processor.cc:81] Processing queue has data, processing started
I0430 13:15:46.281471  4012 processor.cc:81] Processing queue has data, processing started
I0430 13:15:46.284298  4013 processor.cc:158] Processor: start processing batch f8c7495a-656f-44dd-92fd-7380693b00e0 into model nwt
I0430 13:15:46.285408  4015 processor.cc:158] Processor: start processing batch e6de03ef-8e2b-4012-b8e8-581a736514d5 into model nwt
I0430 13:15:46.285758  4012 processor.cc:158] Processor: start processing batch 92687317-7885-4833-a0e8-87f3fc893ab8 into model nwt
I0430 13:15:46.337885  4013 processor.cc:292] Processor: complete processing batch f8c7495a-656f-44dd-92fd-7380693b00e0 into model nwt
I0430 13:15:46.338780  4013 cuckoo_watch.h:45] 64ms in ProcessBatch(school_batches/aaaaae.batch) [including 9ms in LoadMessage; 0ms in FindReuseThetaCacheEntry; 0ms in InitializeTheta; 0ms in CreateRegularizerAgents; 2ms in InitializeSparseNdw; 16ms in InferThetaAndUpdateNwtSparse; 0ms in UpdateCacheEntry; 19ms in CalculateScore(PerplexityScore); 1ms in CalculateScore(SparsityThetaScore); 12ms in CalculateScore(^^^ItemsProcessedScore^^^); ]
I0430 13:15:46.341585  4013 processor.cc:158] Processor: start processing batch 1c7cc370-29ad-47c0-b679-e488b62fe098 into model nwt
I0430 13:15:46.346438  4015 processor.cc:292] Processor: complete processing batch e6de03ef-8e2b-4012-b8e8-581a736514d5 into model nwt
I0430 13:15:46.347116  4015 cuckoo_watch.h:45] 66ms in ProcessBatch(school_batches/aaaaac.batch) [including 4ms in LoadMessage; 0ms in FindReuseThetaCacheEntry; 0ms in InitializeTheta; 0ms in CreateRegularizerAgents; 2ms in InitializeSparseNdw; 22ms in InferThetaAndUpdateNwtSparse; 0ms in UpdateCacheEntry; 20ms in CalculateScore(PerplexityScore); 2ms in CalculateScore(SparsityThetaScore); 12ms in CalculateScore(^^^ItemsProcessedScore^^^); ]
I0430 13:15:46.361174  4014 processor.cc:292] Processor: complete processing batch f98d553a-6042-4a02-9e8f-b0d1d66e4a9c into model nwt
I0430 13:15:46.361847  4014 cuckoo_watch.h:45] 86ms in ProcessBatch(school_batches/aaaaaa.batch) [including 3ms in LoadMessage; 0ms in FindReuseThetaCacheEntry; 0ms in InitializeTheta; 0ms in CreateRegularizerAgents; 1ms in InitializeSparseNdw; 35ms in InferThetaAndUpdateNwtSparse; 0ms in UpdateCacheEntry; 33ms in CalculateScore(PerplexityScore); 1ms in CalculateScore(SparsityThetaScore); 10ms in CalculateScore(^^^ItemsProcessedScore^^^); ]
I0430 13:15:46.365038  4012 processor.cc:292] Processor: complete processing batch 92687317-7885-4833-a0e8-87f3fc893ab8 into model nwt
I0430 13:15:46.365703  4012 cuckoo_watch.h:45] 84ms in ProcessBatch(school_batches/aaaaad.batch) [including 4ms in LoadMessage; 0ms in FindReuseThetaCacheEntry; 0ms in InitializeTheta; 0ms in CreateRegularizerAgents; 1ms in InitializeSparseNdw; 32ms in InferThetaAndUpdateNwtSparse; 0ms in UpdateCacheEntry; 33ms in CalculateScore(PerplexityScore); 1ms in CalculateScore(SparsityThetaScore); 9ms in CalculateScore(^^^ItemsProcessedScore^^^); ]
I0430 13:15:46.367647  4015 processor.cc:74] No data in processing queue, waiting...
I0430 13:15:46.382200  4014 processor.cc:74] No data in processing queue, waiting...
I0430 13:15:46.385133  4013 processor.cc:292] Processor: complete processing batch 1c7cc370-29ad-47c0-b679-e488b62fe098 into model nwt
I0430 13:15:46.385772  4013 cuckoo_watch.h:45] 46ms in ProcessBatch(school_batches/aaaaab.batch) [including 2ms in LoadMessage; 0ms in FindReuseThetaCacheEntry; 0ms in InitializeTheta; 0ms in CreateRegularizerAgents; 1ms in InitializeSparseNdw; 13ms in InferThetaAndUpdateNwtSparse; 0ms in UpdateCacheEntry; 17ms in CalculateScore(PerplexityScore); 1ms in CalculateScore(SparsityThetaScore); 10ms in CalculateScore(^^^ItemsProcessedScore^^^); ]
I0430 13:15:46.385880  4012 processor.cc:74] No data in processing queue, waiting...
I0430 13:15:46.386582  2194 master_component.cc:1455] NormalizeModelArgs: pwt_target_name=pwt, nwt_source_name=nwt, rwt_source_name=
I0430 13:15:46.386591  2194 master_component.cc:1005] MasterComponent: start normalizing model nwt
I0430 13:15:46.406213  4013 processor.cc:74] No data in processing queue, waiting...
I0430 13:15:46.409729  2194 master_component.cc:1033] MasterComponent: complete normalizing model nwt
I0430 13:15:46.429109  2194 master_component.cc:1479] DisposeModel rwt
I0430 13:15:46.429138  2194 master_component.cc:1058] FitOffline: ItemsProcessed, num_items=476, num_batches=5, token_weight=160411, token_weight_in_effect=160411
I0430 13:15:46.429306  2194 c_interface.cc:389] Pass FitOfflineMasterModelArgs, batch_filename_size=5, batch_weight_size=5, num_collection_passes=1, reset_nwt=yes to MN4artm4core15MasterComponentEFvRKNS_25FitOfflineMasterModelArgsEE
I0430 13:15:46.429320  2194 master_component.cc:1404] ProcessBatchesArgs: nwt_target_name=nwt, batch_filename_size=5, batch_size=0, batch_weight_size=5, pwt_source_name=pwt, num_document_passes=1, reuse_theta=yes, opt_for_avx=yes, predict_class_id=, reset_nwt=yes
I0430 13:15:46.433006  4014 processor.cc:81] Processing queue has data, processing started
I0430 13:15:46.433089  4013 processor.cc:81] Processing queue has data, processing started
I0430 13:15:46.435509  4013 processor.cc:158] Processor: start processing batch f8c7495a-656f-44dd-92fd-7380693b00e0 into model nwt
I0430 13:15:46.435693  4014 processor.cc:158] Processor: start processing batch f98d553a-6042-4a02-9e8f-b0d1d66e4a9c into model nwt
I0430 13:15:46.437530  4012 processor.cc:81] Processing queue has data, processing started
I0430 13:15:46.437574  4015 processor.cc:81] Processing queue has data, processing started
I0430 13:15:46.440348  4012 processor.cc:158] Processor: start processing batch e6de03ef-8e2b-4012-b8e8-581a736514d5 into model nwt
I0430 13:15:46.440371  4015 processor.cc:158] Processor: start processing batch 92687317-7885-4833-a0e8-87f3fc893ab8 into model nwt
I0430 13:15:46.472259  4013 processor.cc:292] Processor: complete processing batch f8c7495a-656f-44dd-92fd-7380693b00e0 into model nwt
I0430 13:15:46.472836  4013 cuckoo_watch.h:45] 39ms in ProcessBatch(school_batches/aaaaae.batch) [including 2ms in LoadMessage; 0ms in FindReuseThetaCacheEntry; 0ms in InitializeTheta; 0ms in CreateRegularizerAgents; 0ms in InitializeSparseNdw; 11ms in InferThetaAndUpdateNwtSparse; 0ms in UpdateCacheEntry; 14ms in CalculateScore(PerplexityScore); 1ms in CalculateScore(SparsityThetaScore); 7ms in CalculateScore(^^^ItemsProcessedScore^^^); ]
I0430 13:15:46.475292  4013 processor.cc:158] Processor: start processing batch 1c7cc370-29ad-47c0-b679-e488b62fe098 into model nwt
I0430 13:15:46.479068  4014 processor.cc:292] Processor: complete processing batch f98d553a-6042-4a02-9e8f-b0d1d66e4a9c into model nwt
I0430 13:15:46.479738  4014 cuckoo_watch.h:45] 46ms in ProcessBatch(school_batches/aaaaaa.batch) [including 2ms in LoadMessage; 0ms in FindReuseThetaCacheEntry; 0ms in InitializeTheta; 0ms in CreateRegularizerAgents; 1ms in InitializeSparseNdw; 13ms in InferThetaAndUpdateNwtSparse; 0ms in UpdateCacheEntry; 17ms in CalculateScore(PerplexityScore); 1ms in CalculateScore(SparsityThetaScore); 9ms in CalculateScore(^^^ItemsProcessedScore^^^); ]
I0430 13:15:46.481369  4012 processor.cc:292] Processor: complete processing batch e6de03ef-8e2b-4012-b8e8-581a736514d5 into model nwt
I0430 13:15:46.482089  4012 cuckoo_watch.h:45] 44ms in ProcessBatch(school_batches/aaaaac.batch) [including 2ms in LoadMessage; 0ms in FindReuseThetaCacheEntry; 0ms in InitializeTheta; 0ms in CreateRegularizerAgents; 1ms in InitializeSparseNdw; 12ms in InferThetaAndUpdateNwtSparse; 0ms in UpdateCacheEntry; 15ms in CalculateScore(PerplexityScore); 1ms in CalculateScore(SparsityThetaScore); 9ms in CalculateScore(^^^ItemsProcessedScore^^^); ]
I0430 13:15:46.483198  4015 processor.cc:292] Processor: complete processing batch 92687317-7885-4833-a0e8-87f3fc893ab8 into model nwt
I0430 13:15:46.483865  4015 cuckoo_watch.h:45] 46ms in ProcessBatch(school_batches/aaaaad.batch) [including 2ms in LoadMessage; 0ms in FindReuseThetaCacheEntry; 0ms in InitializeTheta; 0ms in CreateRegularizerAgents; 1ms in InitializeSparseNdw; 13ms in InferThetaAndUpdateNwtSparse; 0ms in UpdateCacheEntry; 16ms in CalculateScore(PerplexityScore); 1ms in CalculateScore(SparsityThetaScore); 10ms in CalculateScore(^^^ItemsProcessedScore^^^); ]
I0430 13:15:46.500072  4014 processor.cc:74] No data in processing queue, waiting...
I0430 13:15:46.502815  4012 processor.cc:74] No data in processing queue, waiting...
I0430 13:15:46.504372  4015 processor.cc:74] No data in processing queue, waiting...
I0430 13:15:46.517087  4013 processor.cc:292] Processor: complete processing batch 1c7cc370-29ad-47c0-b679-e488b62fe098 into model nwt
I0430 13:15:46.517706  4013 cuckoo_watch.h:45] 44ms in ProcessBatch(school_batches/aaaaab.batch) [including 2ms in LoadMessage; 0ms in FindReuseThetaCacheEntry; 0ms in InitializeTheta; 0ms in CreateRegularizerAgents; 1ms in InitializeSparseNdw; 12ms in InferThetaAndUpdateNwtSparse; 0ms in UpdateCacheEntry; 17ms in CalculateScore(PerplexityScore); 1ms in CalculateScore(SparsityThetaScore); 9ms in CalculateScore(^^^ItemsProcessedScore^^^); ]
I0430 13:15:46.518374  2194 master_component.cc:1455] NormalizeModelArgs: pwt_target_name=pwt, nwt_source_name=nwt, rwt_source_name=
I0430 13:15:46.518383  2194 master_component.cc:1005] MasterComponent: start normalizing model nwt
I0430 13:15:46.538267  4013 processor.cc:74] No data in processing queue, waiting...
I0430 13:15:46.541460  2194 master_component.cc:1033] MasterComponent: complete normalizing model nwt
I0430 13:15:46.560612  2194 master_component.cc:1479] DisposeModel rwt
I0430 13:15:46.560643  2194 master_component.cc:1058] FitOffline: ItemsProcessed, num_items=476, num_batches=5, token_weight=160411, token_weight_in_effect=160411
I0430 13:15:46.560784  2194 c_interface.cc:389] Pass FitOfflineMasterModelArgs, batch_filename_size=5, batch_weight_size=5, num_collection_passes=1, reset_nwt=yes to MN4artm4core15MasterComponentEFvRKNS_25FitOfflineMasterModelArgsEE
I0430 13:15:46.560799  2194 master_component.cc:1404] ProcessBatchesArgs: nwt_target_name=nwt, batch_filename_size=5, batch_size=0, batch_weight_size=5, pwt_source_name=pwt, num_document_passes=1, reuse_theta=yes, opt_for_avx=yes, predict_class_id=, reset_nwt=yes
I0430 13:15:46.564455  4013 processor.cc:81] Processing queue has data, processing started
I0430 13:15:46.564514  4012 processor.cc:81] Processing queue has data, processing started
I0430 13:15:46.564792  4015 processor.cc:81] Processing queue has data, processing started
I0430 13:15:46.566898  4013 processor.cc:158] Processor: start processing batch f8c7495a-656f-44dd-92fd-7380693b00e0 into model nwt
I0430 13:15:46.567342  4012 processor.cc:158] Processor: start processing batch f98d553a-6042-4a02-9e8f-b0d1d66e4a9c into model nwt
I0430 13:15:46.567422  4015 processor.cc:158] Processor: start processing batch 92687317-7885-4833-a0e8-87f3fc893ab8 into model nwt
I0430 13:15:46.577442  4014 processor.cc:81] Processing queue has data, processing started
I0430 13:15:46.580152  4014 processor.cc:158] Processor: start processing batch e6de03ef-8e2b-4012-b8e8-581a736514d5 into model nwt
I0430 13:15:46.604226  4013 processor.cc:292] Processor: complete processing batch f8c7495a-656f-44dd-92fd-7380693b00e0 into model nwt
I0430 13:15:46.604805  4013 cuckoo_watch.h:45] 40ms in ProcessBatch(school_batches/aaaaae.batch) [including 2ms in LoadMessage; 0ms in FindReuseThetaCacheEntry; 0ms in InitializeTheta; 0ms in CreateRegularizerAgents; 0ms in InitializeSparseNdw; 11ms in InferThetaAndUpdateNwtSparse; 0ms in UpdateCacheEntry; 15ms in CalculateScore(PerplexityScore); 1ms in CalculateScore(SparsityThetaScore); 8ms in CalculateScore(^^^ItemsProcessedScore^^^); ]
I0430 13:15:46.607524  4013 processor.cc:158] Processor: start processing batch 1c7cc370-29ad-47c0-b679-e488b62fe098 into model nwt
I0430 13:15:46.615389  4012 processor.cc:292] Processor: complete processing batch f98d553a-6042-4a02-9e8f-b0d1d66e4a9c into model nwt
I0430 13:15:46.616106  4012 cuckoo_watch.h:45] 51ms in ProcessBatch(school_batches/aaaaaa.batch) [including 2ms in LoadMessage; 0ms in FindReuseThetaCacheEntry; 0ms in InitializeTheta; 0ms in CreateRegularizerAgents; 1ms in InitializeSparseNdw; 11ms in InferThetaAndUpdateNwtSparse; 0ms in UpdateCacheEntry; 18ms in CalculateScore(PerplexityScore); 1ms in CalculateScore(SparsityThetaScore); 15ms in CalculateScore(^^^ItemsProcessedScore^^^); ]
I0430 13:15:46.623191  4014 processor.cc:292] Processor: complete processing batch e6de03ef-8e2b-4012-b8e8-581a736514d5 into model nwt
I0430 13:15:46.623834  4014 cuckoo_watch.h:45] 46ms in ProcessBatch(school_batches/aaaaac.batch) [including 2ms in LoadMessage; 0ms in FindReuseThetaCacheEntry; 0ms in InitializeTheta; 0ms in CreateRegularizerAgents; 1ms in InitializeSparseNdw; 11ms in InferThetaAndUpdateNwtSparse; 0ms in UpdateCacheEntry; 16ms in CalculateScore(PerplexityScore); 2ms in CalculateScore(SparsityThetaScore); 10ms in CalculateScore(^^^ItemsProcessedScore^^^); ]
I0430 13:15:46.630620  4015 processor.cc:292] Processor: complete processing batch 92687317-7885-4833-a0e8-87f3fc893ab8 into model nwt
I0430 13:15:46.631268  4015 cuckoo_watch.h:45] 66ms in ProcessBatch(school_batches/aaaaad.batch) [including 2ms in LoadMessage; 0ms in FindReuseThetaCacheEntry; 0ms in InitializeTheta; 0ms in CreateRegularizerAgents; 1ms in InitializeSparseNdw; 23ms in InferThetaAndUpdateNwtSparse; 0ms in UpdateCacheEntry; 27ms in CalculateScore(PerplexityScore); 1ms in CalculateScore(SparsityThetaScore); 9ms in CalculateScore(^^^ItemsProcessedScore^^^); ]
I0430 13:15:46.636667  4012 processor.cc:74] No data in processing queue, waiting...
I0430 13:15:46.644294  4014 processor.cc:74] No data in processing queue, waiting...
I0430 13:15:46.651450  4013 processor.cc:292] Processor: complete processing batch 1c7cc370-29ad-47c0-b679-e488b62fe098 into model nwt
I0430 13:15:46.651809  4015 processor.cc:74] No data in processing queue, waiting...
I0430 13:15:46.652112  4013 cuckoo_watch.h:45] 47ms in ProcessBatch(school_batches/aaaaab.batch) [including 2ms in LoadMessage; 0ms in FindReuseThetaCacheEntry; 0ms in InitializeTheta; 0ms in CreateRegularizerAgents; 1ms in InitializeSparseNdw; 14ms in InferThetaAndUpdateNwtSparse; 0ms in UpdateCacheEntry; 16ms in CalculateScore(PerplexityScore); 1ms in CalculateScore(SparsityThetaScore); 10ms in CalculateScore(^^^ItemsProcessedScore^^^); ]
I0430 13:15:46.653260  2194 master_component.cc:1455] NormalizeModelArgs: pwt_target_name=pwt, nwt_source_name=nwt, rwt_source_name=
I0430 13:15:46.653270  2194 master_component.cc:1005] MasterComponent: start normalizing model nwt
I0430 13:15:46.672319  4013 processor.cc:74] No data in processing queue, waiting...
I0430 13:15:46.676606  2194 master_component.cc:1033] MasterComponent: complete normalizing model nwt
I0430 13:15:46.695291  2194 master_component.cc:1479] DisposeModel rwt
I0430 13:15:46.695319  2194 master_component.cc:1058] FitOffline: ItemsProcessed, num_items=476, num_batches=5, token_weight=160411, token_weight_in_effect=160411
I0430 13:15:46.695448  2194 c_interface.cc:389] Pass FitOfflineMasterModelArgs, batch_filename_size=5, batch_weight_size=5, num_collection_passes=1, reset_nwt=yes to MN4artm4core15MasterComponentEFvRKNS_25FitOfflineMasterModelArgsEE
I0430 13:15:46.695463  2194 master_component.cc:1404] ProcessBatchesArgs: nwt_target_name=nwt, batch_filename_size=5, batch_size=0, batch_weight_size=5, pwt_source_name=pwt, num_document_passes=1, reuse_theta=yes, opt_for_avx=yes, predict_class_id=, reset_nwt=yes
I0430 13:15:46.698932  4012 processor.cc:81] Processing queue has data, processing started
I0430 13:15:46.698940  4014 processor.cc:81] Processing queue has data, processing started
I0430 13:15:46.699483  4015 processor.cc:81] Processing queue has data, processing started
I0430 13:15:46.700126  4013 processor.cc:81] Processing queue has data, processing started
I0430 13:15:46.701596  4012 processor.cc:158] Processor: start processing batch f8c7495a-656f-44dd-92fd-7380693b00e0 into model nwt
I0430 13:15:46.702322  4015 processor.cc:158] Processor: start processing batch e6de03ef-8e2b-4012-b8e8-581a736514d5 into model nwt
I0430 13:15:46.702333  4014 processor.cc:158] Processor: start processing batch f98d553a-6042-4a02-9e8f-b0d1d66e4a9c into model nwt
I0430 13:15:46.702862  4013 processor.cc:158] Processor: start processing batch 92687317-7885-4833-a0e8-87f3fc893ab8 into model nwt
I0430 13:15:46.737625  4012 processor.cc:292] Processor: complete processing batch f8c7495a-656f-44dd-92fd-7380693b00e0 into model nwt
I0430 13:15:46.738214  4012 cuckoo_watch.h:45] 39ms in ProcessBatch(school_batches/aaaaae.batch) [including 2ms in LoadMessage; 0ms in FindReuseThetaCacheEntry; 0ms in InitializeTheta; 0ms in CreateRegularizerAgents; 0ms in InitializeSparseNdw; 11ms in InferThetaAndUpdateNwtSparse; 0ms in UpdateCacheEntry; 14ms in CalculateScore(PerplexityScore); 1ms in CalculateScore(SparsityThetaScore); 8ms in CalculateScore(^^^ItemsProcessedScore^^^); ]
I0430 13:15:46.740553  4012 processor.cc:158] Processor: start processing batch 1c7cc370-29ad-47c0-b679-e488b62fe098 into model nwt
I0430 13:15:46.740849  4013 processor.cc:292] Processor: complete processing batch 92687317-7885-4833-a0e8-87f3fc893ab8 into model nwt
I0430 13:15:46.741497  4013 cuckoo_watch.h:45] 41ms in ProcessBatch(school_batches/aaaaad.batch) [including 2ms in LoadMessage; 0ms in FindReuseThetaCacheEntry; 0ms in InitializeTheta; 0ms in CreateRegularizerAgents; 1ms in InitializeSparseNdw; 10ms in InferThetaAndUpdateNwtSparse; 0ms in UpdateCacheEntry; 15ms in CalculateScore(PerplexityScore); 1ms in CalculateScore(SparsityThetaScore); 8ms in CalculateScore(^^^ItemsProcessedScore^^^); ]
I0430 13:15:46.741745  4015 processor.cc:292] Processor: complete processing batch e6de03ef-8e2b-4012-b8e8-581a736514d5 into model nwt
I0430 13:15:46.742409  4015 cuckoo_watch.h:45] 42ms in ProcessBatch(school_batches/aaaaac.batch) [including 2ms in LoadMessage; 0ms in FindReuseThetaCacheEntry; 0ms in InitializeTheta; 0ms in CreateRegularizerAgents; 1ms in InitializeSparseNdw; 11ms in InferThetaAndUpdateNwtSparse; 0ms in UpdateCacheEntry; 16ms in CalculateScore(PerplexityScore); 1ms in CalculateScore(SparsityThetaScore); 8ms in CalculateScore(^^^ItemsProcessedScore^^^); ]
I0430 13:15:46.743610  4014 processor.cc:292] Processor: complete processing batch f98d553a-6042-4a02-9e8f-b0d1d66e4a9c into model nwt
I0430 13:15:46.744175  4014 cuckoo_watch.h:45] 45ms in ProcessBatch(school_batches/aaaaaa.batch) [including 3ms in LoadMessage; 0ms in FindReuseThetaCacheEntry; 0ms in InitializeTheta; 0ms in CreateRegularizerAgents; 1ms in InitializeSparseNdw; 11ms in InferThetaAndUpdateNwtSparse; 0ms in UpdateCacheEntry; 17ms in CalculateScore(PerplexityScore); 1ms in CalculateScore(SparsityThetaScore); 9ms in CalculateScore(^^^ItemsProcessedScore^^^); ]
I0430 13:15:46.761847  4013 processor.cc:74] No data in processing queue, waiting...
I0430 13:15:46.762861  4015 processor.cc:74] No data in processing queue, waiting...
I0430 13:15:46.764665  4014 processor.cc:74] No data in processing queue, waiting...
I0430 13:15:46.783094  4012 processor.cc:292] Processor: complete processing batch 1c7cc370-29ad-47c0-b679-e488b62fe098 into model nwt
I0430 13:15:46.783740  4012 cuckoo_watch.h:45] 45ms in ProcessBatch(school_batches/aaaaab.batch) [including 2ms in LoadMessage; 0ms in FindReuseThetaCacheEntry; 0ms in InitializeTheta; 0ms in CreateRegularizerAgents; 1ms in InitializeSparseNdw; 13ms in InferThetaAndUpdateNwtSparse; 0ms in UpdateCacheEntry; 17ms in CalculateScore(PerplexityScore); 1ms in CalculateScore(SparsityThetaScore); 9ms in CalculateScore(^^^ItemsProcessedScore^^^); ]
I0430 13:15:46.784226  2194 master_component.cc:1455] NormalizeModelArgs: pwt_target_name=pwt, nwt_source_name=nwt, rwt_source_name=
I0430 13:15:46.784268  2194 master_component.cc:1005] MasterComponent: start normalizing model nwt
I0430 13:15:46.804226  4012 processor.cc:74] No data in processing queue, waiting...
I0430 13:15:46.807497  2194 master_component.cc:1033] MasterComponent: complete normalizing model nwt
I0430 13:15:46.826738  2194 master_component.cc:1479] DisposeModel rwt
I0430 13:15:46.826767  2194 master_component.cc:1058] FitOffline: ItemsProcessed, num_items=476, num_batches=5, token_weight=160411, token_weight_in_effect=160411
I0430 13:15:46.826923  2194 c_interface.cc:389] Pass FitOfflineMasterModelArgs, batch_filename_size=5, batch_weight_size=5, num_collection_passes=1, reset_nwt=yes to MN4artm4core15MasterComponentEFvRKNS_25FitOfflineMasterModelArgsEE
I0430 13:15:46.826939  2194 master_component.cc:1404] ProcessBatchesArgs: nwt_target_name=nwt, batch_filename_size=5, batch_size=0, batch_weight_size=5, pwt_source_name=pwt, num_document_passes=1, reuse_theta=yes, opt_for_avx=yes, predict_class_id=, reset_nwt=yes
I0430 13:15:46.830361  4012 processor.cc:81] Processing queue has data, processing started
I0430 13:15:46.830659  4015 processor.cc:81] Processing queue has data, processing started
I0430 13:15:46.832792  4012 processor.cc:158] Processor: start processing batch f8c7495a-656f-44dd-92fd-7380693b00e0 into model nwt
I0430 13:15:46.833276  4015 processor.cc:158] Processor: start processing batch f98d553a-6042-4a02-9e8f-b0d1d66e4a9c into model nwt
I0430 13:15:46.841511  4013 processor.cc:81] Processing queue has data, processing started
I0430 13:15:46.841511  4014 processor.cc:81] Processing queue has data, processing started
I0430 13:15:46.844139  4013 processor.cc:158] Processor: start processing batch 92687317-7885-4833-a0e8-87f3fc893ab8 into model nwt
I0430 13:15:46.844226  4014 processor.cc:158] Processor: start processing batch e6de03ef-8e2b-4012-b8e8-581a736514d5 into model nwt
I0430 13:15:46.874444  4015 processor.cc:292] Processor: complete processing batch f98d553a-6042-4a02-9e8f-b0d1d66e4a9c into model nwt
I0430 13:15:46.875072  4015 cuckoo_watch.h:45] 44ms in ProcessBatch(school_batches/aaaaaa.batch) [including 2ms in LoadMessage; 0ms in FindReuseThetaCacheEntry; 0ms in InitializeTheta; 0ms in CreateRegularizerAgents; 1ms in InitializeSparseNdw; 11ms in InferThetaAndUpdateNwtSparse; 0ms in UpdateCacheEntry; 17ms in CalculateScore(PerplexityScore); 1ms in CalculateScore(SparsityThetaScore); 9ms in CalculateScore(^^^ItemsProcessedScore^^^); ]
I0430 13:15:46.877416  4015 processor.cc:158] Processor: start processing batch 1c7cc370-29ad-47c0-b679-e488b62fe098 into model nwt
I0430 13:15:46.883553  4013 processor.cc:292] Processor: complete processing batch 92687317-7885-4833-a0e8-87f3fc893ab8 into model nwt
I0430 13:15:46.884097  4014 processor.cc:292] Processor: complete processing batch e6de03ef-8e2b-4012-b8e8-581a736514d5 into model nwt
I0430 13:15:46.884188  4013 cuckoo_watch.h:45] 42ms in ProcessBatch(school_batches/aaaaad.batch) [including 2ms in LoadMessage; 0ms in FindReuseThetaCacheEntry; 0ms in InitializeTheta; 0ms in CreateRegularizerAgents; 1ms in InitializeSparseNdw; 11ms in InferThetaAndUpdateNwtSparse; 0ms in UpdateCacheEntry; 16ms in CalculateScore(PerplexityScore); 1ms in CalculateScore(SparsityThetaScore); 8ms in CalculateScore(^^^ItemsProcessedScore^^^); ]
I0430 13:15:46.884740  4014 cuckoo_watch.h:45] 43ms in ProcessBatch(school_batches/aaaaac.batch) [including 2ms in LoadMessage; 0ms in FindReuseThetaCacheEntry; 0ms in InitializeTheta; 0ms in CreateRegularizerAgents; 1ms in InitializeSparseNdw; 11ms in InferThetaAndUpdateNwtSparse; 0ms in UpdateCacheEntry; 16ms in CalculateScore(PerplexityScore); 1ms in CalculateScore(SparsityThetaScore); 9ms in CalculateScore(^^^ItemsProcessedScore^^^); ]
I0430 13:15:46.886073  4012 processor.cc:292] Processor: complete processing batch f8c7495a-656f-44dd-92fd-7380693b00e0 into model nwt
I0430 13:15:46.886663  4012 cuckoo_watch.h:45] 56ms in ProcessBatch(school_batches/aaaaae.batch) [including 2ms in LoadMessage; 0ms in FindReuseThetaCacheEntry; 0ms in InitializeTheta; 0ms in CreateRegularizerAgents; 0ms in InitializeSparseNdw; 23ms in InferThetaAndUpdateNwtSparse; 0ms in UpdateCacheEntry; 17ms in CalculateScore(PerplexityScore); 1ms in CalculateScore(SparsityThetaScore); 9ms in CalculateScore(^^^ItemsProcessedScore^^^); ]
I0430 13:15:46.904717  4013 processor.cc:74] No data in processing queue, waiting...
I0430 13:15:46.905144  4014 processor.cc:74] No data in processing queue, waiting...
I0430 13:15:46.907371  4012 processor.cc:74] No data in processing queue, waiting...
I0430 13:15:46.918905  4015 processor.cc:292] Processor: complete processing batch 1c7cc370-29ad-47c0-b679-e488b62fe098 into model nwt
I0430 13:15:46.919545  4015 cuckoo_watch.h:45] 44ms in ProcessBatch(school_batches/aaaaab.batch) [including 2ms in LoadMessage; 0ms in FindReuseThetaCacheEntry; 0ms in InitializeTheta; 0ms in CreateRegularizerAgents; 0ms in InitializeSparseNdw; 11ms in InferThetaAndUpdateNwtSparse; 0ms in UpdateCacheEntry; 17ms in CalculateScore(PerplexityScore); 1ms in CalculateScore(SparsityThetaScore); 9ms in CalculateScore(^^^ItemsProcessedScore^^^); ]
I0430 13:15:46.920213  2194 master_component.cc:1455] NormalizeModelArgs: pwt_target_name=pwt, nwt_source_name=nwt, rwt_source_name=
I0430 13:15:46.920223  2194 master_component.cc:1005] MasterComponent: start normalizing model nwt
I0430 13:15:46.940011  4015 processor.cc:74] No data in processing queue, waiting...
I0430 13:15:46.943276  2194 master_component.cc:1033] MasterComponent: complete normalizing model nwt
I0430 13:15:46.962743  2194 master_component.cc:1479] DisposeModel rwt
I0430 13:15:46.962772  2194 master_component.cc:1058] FitOffline: ItemsProcessed, num_items=476, num_batches=5, token_weight=160411, token_weight_in_effect=160411
I0430 13:15:46.962910  2194 c_interface.cc:389] Pass FitOfflineMasterModelArgs, batch_filename_size=5, batch_weight_size=5, num_collection_passes=1, reset_nwt=yes to MN4artm4core15MasterComponentEFvRKNS_25FitOfflineMasterModelArgsEE
I0430 13:15:46.962925  2194 master_component.cc:1404] ProcessBatchesArgs: nwt_target_name=nwt, batch_filename_size=5, batch_size=0, batch_weight_size=5, pwt_source_name=pwt, num_document_passes=1, reuse_theta=yes, opt_for_avx=yes, predict_class_id=, reset_nwt=yes
I0430 13:15:46.966404  4013 processor.cc:81] Processing queue has data, processing started
I0430 13:15:46.966444  4014 processor.cc:81] Processing queue has data, processing started
I0430 13:15:46.967303  4015 processor.cc:81] Processing queue has data, processing started
I0430 13:15:46.967526  4012 processor.cc:81] Processing queue has data, processing started
I0430 13:15:46.969219  4014 processor.cc:158] Processor: start processing batch f98d553a-6042-4a02-9e8f-b0d1d66e4a9c into model nwt
I0430 13:15:46.969488  4013 processor.cc:158] Processor: start processing batch f8c7495a-656f-44dd-92fd-7380693b00e0 into model nwt
I0430 13:15:46.970055  4015 processor.cc:158] Processor: start processing batch e6de03ef-8e2b-4012-b8e8-581a736514d5 into model nwt
I0430 13:15:46.970224  4012 processor.cc:158] Processor: start processing batch 92687317-7885-4833-a0e8-87f3fc893ab8 into model nwt
I0430 13:15:47.007820  4013 processor.cc:292] Processor: complete processing batch f8c7495a-656f-44dd-92fd-7380693b00e0 into model nwt
I0430 13:15:47.008188  4012 processor.cc:292] Processor: complete processing batch 92687317-7885-4833-a0e8-87f3fc893ab8 into model nwt
I0430 13:15:47.008548  4013 cuckoo_watch.h:45] 42ms in ProcessBatch(school_batches/aaaaae.batch) [including 3ms in LoadMessage; 0ms in FindReuseThetaCacheEntry; 0ms in InitializeTheta; 0ms in CreateRegularizerAgents; 0ms in InitializeSparseNdw; 11ms in InferThetaAndUpdateNwtSparse; 0ms in UpdateCacheEntry; 15ms in CalculateScore(PerplexityScore); 1ms in CalculateScore(SparsityThetaScore); 8ms in CalculateScore(^^^ItemsProcessedScore^^^); ]
I0430 13:15:47.008713  4014 processor.cc:292] Processor: complete processing batch f98d553a-6042-4a02-9e8f-b0d1d66e4a9c into model nwt
I0430 13:15:47.008860  4012 cuckoo_watch.h:45] 41ms in ProcessBatch(school_batches/aaaaad.batch) [including 2ms in LoadMessage; 0ms in FindReuseThetaCacheEntry; 0ms in InitializeTheta; 0ms in CreateRegularizerAgents; 1ms in InitializeSparseNdw; 10ms in InferThetaAndUpdateNwtSparse; 0ms in UpdateCacheEntry; 15ms in CalculateScore(PerplexityScore); 1ms in CalculateScore(SparsityThetaScore); 8ms in CalculateScore(^^^ItemsProcessedScore^^^); ]
I0430 13:15:47.009084  4015 processor.cc:292] Processor: complete processing batch e6de03ef-8e2b-4012-b8e8-581a736514d5 into model nwt
I0430 13:15:47.009318  4014 cuckoo_watch.h:45] 42ms in ProcessBatch(school_batches/aaaaaa.batch) [including 2ms in LoadMessage; 0ms in FindReuseThetaCacheEntry; 0ms in InitializeTheta; 0ms in CreateRegularizerAgents; 1ms in InitializeSparseNdw; 11ms in InferThetaAndUpdateNwtSparse; 0ms in UpdateCacheEntry; 16ms in CalculateScore(PerplexityScore); 1ms in CalculateScore(SparsityThetaScore); 8ms in CalculateScore(^^^ItemsProcessedScore^^^); ]
I0430 13:15:47.009959  4015 cuckoo_watch.h:45] 42ms in ProcessBatch(school_batches/aaaaac.batch) [including 2ms in LoadMessage; 0ms in FindReuseThetaCacheEntry; 0ms in InitializeTheta; 0ms in CreateRegularizerAgents; 1ms in InitializeSparseNdw; 11ms in InferThetaAndUpdateNwtSparse; 0ms in UpdateCacheEntry; 16ms in CalculateScore(PerplexityScore); 1ms in CalculateScore(SparsityThetaScore); 8ms in CalculateScore(^^^ItemsProcessedScore^^^); ]
I0430 13:15:47.011188  4013 processor.cc:158] Processor: start processing batch 1c7cc370-29ad-47c0-b679-e488b62fe098 into model nwt
I0430 13:15:47.029458  4012 processor.cc:74] No data in processing queue, waiting...
I0430 13:15:47.029824  4014 processor.cc:74] No data in processing queue, waiting...
I0430 13:15:47.030438  4015 processor.cc:74] No data in processing queue, waiting...
I0430 13:15:47.053815  4013 processor.cc:292] Processor: complete processing batch 1c7cc370-29ad-47c0-b679-e488b62fe098 into model nwt
I0430 13:15:47.054456  4013 cuckoo_watch.h:45] 45ms in ProcessBatch(school_batches/aaaaab.batch) [including 2ms in LoadMessage; 0ms in FindReuseThetaCacheEntry; 0ms in InitializeTheta; 0ms in CreateRegularizerAgents; 0ms in InitializeSparseNdw; 13ms in InferThetaAndUpdateNwtSparse; 0ms in UpdateCacheEntry; 17ms in CalculateScore(PerplexityScore); 1ms in CalculateScore(SparsityThetaScore); 9ms in CalculateScore(^^^ItemsProcessedScore^^^); ]
I0430 13:15:47.054682  2194 master_component.cc:1455] NormalizeModelArgs: pwt_target_name=pwt, nwt_source_name=nwt, rwt_source_name=
I0430 13:15:47.054692  2194 master_component.cc:1005] MasterComponent: start normalizing model nwt
I0430 13:15:47.074887  4013 processor.cc:74] No data in processing queue, waiting...
I0430 13:15:47.078238  2194 master_component.cc:1033] MasterComponent: complete normalizing model nwt
I0430 13:15:47.097278  2194 master_component.cc:1479] DisposeModel rwt
I0430 13:15:47.097316  2194 master_component.cc:1058] FitOffline: ItemsProcessed, num_items=476, num_batches=5, token_weight=160411, token_weight_in_effect=160411
I0430 13:15:47.097460  2194 c_interface.cc:389] Pass FitOfflineMasterModelArgs, batch_filename_size=5, batch_weight_size=5, num_collection_passes=1, reset_nwt=yes to MN4artm4core15MasterComponentEFvRKNS_25FitOfflineMasterModelArgsEE
